Added 2 of 2 nodes.
Visited 1 (0.5) nodes and performed 0 (0) rotations.

Node 1 flag1: l flag2: 0
The following inserts would cause a left-left rotation:
-2147483648 to 0

Added 1 of 1 nodes.
Visited 2 (2) nodes and performed 1 (1) rotations.

Node(1, h=1):
  Leaf(0)
  Leaf(2)

